Używanie ustawień uruchamiania z profilu D:\repos\pitchwise\api-dotnet\Properties\launchSettings.json...
info: Microsoft.EntityFrameworkCore.Database.Command[20101]
      Executed DbCommand (126ms) [Parameters=[], CommandType='Text', CommandTimeout='30']
      SELECT CASE WHEN COUNT(*) = 0 THEN FALSE ELSE TRUE END
FROM pg_class AS cls
JOIN pg_namespace AS ns ON ns.oid = cls.relnamespace
WHERE
        cls.relkind IN ('r', 'v', 'm', 'f', 'p') AND
        ns.nspname NOT IN ('pg_catalog', 'information_schema') AND
        -- Exclude tables which are members of PG extensions
        NOT EXISTS (
            SELECT 1 FROM pg_depend WHERE
                classid=(
                    SELECT cls.oid
                    FROM pg_class AS cls
                             JOIN pg_namespace AS ns ON ns.oid = cls.relnamespace
                    WHERE relname='pg_class' AND ns.nspname='pg_catalog'
                ) AND
                objid=cls.oid AND
                deptype IN ('e', 'x')
        )
info: Microsoft.Hosting.Lifetime[14]
      Now listening on: http://localhost:8000
info: Microsoft.Hosting.Lifetime[0]
      Application started. Press Ctrl+C to shut down.
info: Microsoft.Hosting.Lifetime[0]
      Hosting environment: Development
info: Microsoft.Hosting.Lifetime[0]
      Content root path: D:\repos\pitchwise\api-dotnet
info: Microsoft.EntityFrameworkCore.Database.Command[20101]
      Executed DbCommand (17ms) [Parameters=[@__p_0='?' (DbType = Int32)], CommandType='Text', CommandTimeout='30']
      SELECT h.id, h.analysis_id, h.created_at, h.error, h.event_ids, h.filename, h.finished_at, h.name, h.progress, h.share_expires_at, h.share_token, h.status
      FROM highlight AS h
      WHERE h.id = @__p_0
      LIMIT 1
info: Microsoft.EntityFrameworkCore.Database.Command[20101]
      Executed DbCommand (4ms) [Parameters=[@__p_0='?' (DbType = Int32)], CommandType='Text', CommandTimeout='30']
      SELECT h.id, h.analysis_id, h.created_at, h.error, h.event_ids, h.filename, h.finished_at, h.name, h.progress, h.share_expires_at, h.share_token, h.status
      FROM highlight AS h
      WHERE h.id = @__p_0
      LIMIT 1
info: Microsoft.EntityFrameworkCore.Database.Command[20101]
      Executed DbCommand (12ms) [Parameters=[@p2='?' (DbType = Int32), @p0='?' (DbType = DateTime), @p1='?'], CommandType='Text', CommandTimeout='30']
      UPDATE highlight SET share_expires_at = @p0, share_token = @p1
      WHERE id = @p2;
info: Microsoft.EntityFrameworkCore.Database.Command[20101]
      Executed DbCommand (4ms) [Parameters=[@__token_0='?'], CommandType='Text', CommandTimeout='30']
      SELECT h.id, h.analysis_id, h.created_at, h.error, h.event_ids, h.filename, h.finished_at, h.name, h.progress, h.share_expires_at, h.share_token, h.status
      FROM highlight AS h
      WHERE h.share_token = @__token_0
      LIMIT 1
info: Microsoft.EntityFrameworkCore.Database.Command[20101]
      Executed DbCommand (3ms) [Parameters=[@__token_0='?'], CommandType='Text', CommandTimeout='30']
      SELECT h.id, h.analysis_id, h.created_at, h.error, h.event_ids, h.filename, h.finished_at, h.name, h.progress, h.share_expires_at, h.share_token, h.status
      FROM highlight AS h
      WHERE h.share_token = @__token_0
      LIMIT 1
